[GIN-debug] [WARNING] Creating an Engine instance with the Logger and Recovery middleware already attached.

[GIN-debug] [WARNING] Running in "debug" mode. Switch to "release" mode in production.
 - using env:	export GIN_MODE=release
 - using code:	gin.SetMode(gin.ReleaseMode)

[GIN-debug] Loaded HTML Templates (2): 
	- 
	- index.html

[GIN-debug] GET    /static/*filepath         --> github.com/gin-gonic/gin.(*RouterGroup).createStaticHandler.func1 (3 handlers)
[GIN-debug] HEAD   /static/*filepath         --> github.com/gin-gonic/gin.(*RouterGroup).createStaticHandler.func1 (3 handlers)
[GIN-debug] GET    /                         --> main.SetupRouter.func1 (4 handlers)
[GIN-debug] GET    /api/faults               --> main.SetupRouter.func2 (3 handlers)
[GIN-debug] GET    /ws                       --> main.WebSocketHandler (3 handlers)
[GIN-debug] [WARNING] You trusted all proxies, this is NOT safe. We recommend you to set a value.
Please check https://github.com/gin-gonic/gin/blob/master/docs/doc.md#dont-trust-all-proxies for details.
[GIN-debug] Listening and serving HTTP on 0.0.0.0:8080
[GIN] 2026/01/15 - 08:28:20 | 200 |  116.019466ms |   192.168.137.1 | GET      "/"
[GIN] 2026/01/15 - 08:28:20 | 200 |   19.008834ms |   192.168.137.1 | GET      "/api/faults"
[GIN] 2026/01/15 - 08:28:42 | 200 |          3m0s |   192.168.137.1 | GET      "/ws"
[GIN-debug] [WARNING] Creating an Engine instance with the Logger and Recovery middleware already attached.

[GIN-debug] [WARNING] Running in "debug" mode. Switch to "release" mode in production.
 - using env:	export GIN_MODE=release
 - using code:	gin.SetMode(gin.ReleaseMode)

[GIN-debug] Loaded HTML Templates (2): 
	- 
	- index.html

[GIN-debug] GET    /static/*filepath         --> github.com/gin-gonic/gin.(*RouterGroup).createStaticHandler.func1 (3 handlers)
[GIN-debug] HEAD   /static/*filepath         --> github.com/gin-gonic/gin.(*RouterGroup).createStaticHandler.func1 (3 handlers)
[GIN-debug] GET    /                         --> main.SetupRouter.func1 (4 handlers)
[GIN-debug] GET    /api/faults               --> main.SetupRouter.func2 (3 handlers)
[GIN-debug] GET    /ws                       --> main.WebSocketHandler (3 handlers)
[GIN-debug] [WARNING] You trusted all proxies, this is NOT safe. We recommend you to set a value.
Please check https://github.com/gin-gonic/gin/blob/master/docs/doc.md#dont-trust-all-proxies for details.
[GIN-debug] Listening and serving HTTP on 0.0.0.0:8080
[GIN-debug] [WARNING] Creating an Engine instance with the Logger and Recovery middleware already attached.

[GIN-debug] [WARNING] Running in "debug" mode. Switch to "release" mode in production.
 - using env:	export GIN_MODE=release
 - using code:	gin.SetMode(gin.ReleaseMode)

[GIN-debug] Loaded HTML Templates (2): 
	- 
	- index.html

[GIN-debug] GET    /static/*filepath         --> github.com/gin-gonic/gin.(*RouterGroup).createStaticHandler.func1 (3 handlers)
[GIN-debug] HEAD   /static/*filepath         --> github.com/gin-gonic/gin.(*RouterGroup).createStaticHandler.func1 (3 handlers)
[GIN-debug] GET    /                         --> main.SetupRouter.func1 (4 handlers)
[GIN-debug] GET    /api/faults               --> main.SetupRouter.func2 (3 handlers)
[GIN-debug] GET    /ws                       --> main.WebSocketHandler (3 handlers)
[GIN-debug] [WARNING] You trusted all proxies, this is NOT safe. We recommend you to set a value.
Please check https://github.com/gin-gonic/gin/blob/master/docs/doc.md#dont-trust-all-proxies for details.
[GIN-debug] Listening and serving HTTP on 0.0.0.0:8080
[GIN] 2026/01/15 - 08:29:36 | 200 |  151.027871ms |   192.168.137.1 | GET      "/"
[GIN] 2026/01/15 - 08:29:37 | 200 |  1.093078518s |   192.168.137.1 | GET      "/api/faults"
